[2024-05-30 22:04:12.998] [jointLog] [info] setting maxHashResizeThreads to 6
[2024-05-30 22:04:12.998] [jointLog] [info] Fragment incompatibility prior below threshold.  Incompatible fragments will be ignored.
[2024-05-30 22:04:12.999] [jointLog] [info] numQuantThreads = 3
[2024-05-30 22:04:16.002] [fileLog] [info] quantification processed 0 fragments so far

[2024-05-30 22:04:15.775] [jointLog] [info] replaced 4 non-ACGT nucleotides with random nucleotides
[2024-05-30 22:04:18.816] [fileLog] [info] quantification processed 1000000 fragments so far

[2024-05-30 22:04:21.726] [fileLog] [info] quantification processed 2000000 fragments so far

[2024-05-30 22:04:22.913] [jointLog] [info] 

The alignment group queue pool has been exhausted.  4131243 extra fragments were allocated on the heap to saturate the pool.  No new fragments will be allocated


[2024-05-30 22:04:32.350] [fileLog] [info] quantification processed 3000000 fragments so far

[2024-05-30 22:04:48.988] [fileLog] [info] quantification processed 4000000 fragments so far

[2024-05-30 22:05:05.729] [fileLog] [info] quantification processed 5000000 fragments so far

[2024-05-30 22:05:22.466] [fileLog] [info] quantification processed 6000000 fragments so far

[2024-05-30 22:05:39.215] [fileLog] [info] quantification processed 7000000 fragments so far

[2024-05-30 22:05:43.160] [fileLog] [info] quantification processed 8000000 fragments so far

[2024-05-30 22:05:47.141] [fileLog] [info] quantification processed 9000000 fragments so far

[2024-05-30 22:05:51.092] [fileLog] [info] quantification processed 10000000 fragments so far

[2024-05-30 22:05:55.014] [fileLog] [info] quantification processed 11000000 fragments so far

[2024-05-30 22:05:58.969] [fileLog] [info] quantification processed 12000000 fragments so far

[2024-05-30 22:06:02.885] [fileLog] [info] quantification processed 13000000 fragments so far

[2024-05-30 22:06:06.912] [fileLog] [info] quantification processed 14000000 fragments so far

[2024-05-30 22:06:11.012] [fileLog] [info] quantification processed 15000000 fragments so far

[2024-05-30 22:06:15.063] [fileLog] [info] quantification processed 16000000 fragments so far

[2024-05-30 22:06:19.135] [fileLog] [info] quantification processed 17000000 fragments so far

[2024-05-30 22:06:23.249] [fileLog] [info] quantification processed 18000000 fragments so far

[2024-05-30 22:06:27.369] [fileLog] [info] quantification processed 19000000 fragments so far

[2024-05-30 22:06:31.517] [fileLog] [info] quantification processed 20000000 fragments so far

[2024-05-30 22:06:35.657] [fileLog] [info] quantification processed 21000000 fragments so far

[2024-05-30 22:06:39.749] [fileLog] [info] quantification processed 22000000 fragments so far

[2024-05-30 22:06:43.860] [fileLog] [info] quantification processed 23000000 fragments so far

[2024-05-30 22:06:47.916] [fileLog] [info] quantification processed 24000000 fragments so far

[2024-05-30 22:06:52.029] [fileLog] [info] quantification processed 25000000 fragments so far

[2024-05-30 22:06:55.995] [fileLog] [info] quantification processed 26000000 fragments so far

[2024-05-30 22:06:59.938] [fileLog] [info] quantification processed 27000000 fragments so far

[2024-05-30 22:07:00.807] [fileLog] [info] quantification processed 27218076 fragments so far

[2024-05-30 22:07:08.630] [jointLog] [info] Thread saw mini-batch with a maximum of 10.40% zero probability fragments
[2024-05-30 22:07:08.630] [jointLog] [info] Thread saw mini-batch with a maximum of 10.60% zero probability fragments
[2024-05-30 22:07:08.632] [jointLog] [info] Thread saw mini-batch with a maximum of 10.10% zero probability fragments
[2024-05-30 22:07:08.633] [jointLog] [info] 


Completed first pass through the alignment file.
Total # of mapped reads : 27218076
# of uniquely mapped reads : 9833123
# ambiguously mapped reads : 17384953



[2024-05-30 22:07:08.783] [jointLog] [info] Computed 294398 rich equivalence classes for further processing
[2024-05-30 22:07:08.783] [jointLog] [info] Counted 25434866 total reads in the equivalence classes 
[2024-05-30 22:07:08.784] [jointLog] [info] starting optimizer
[2024-05-30 22:07:08.890] [jointLog] [info] Marked 0 weighted equivalence classes as degenerate
[2024-05-30 22:07:08.906] [jointLog] [info] iteration = 0 | max rel diff. = 4667.94
[2024-05-30 22:07:10.364] [jointLog] [info] iteration = 100 | max rel diff. = 16.4981
[2024-05-30 22:07:11.824] [jointLog] [info] iteration = 200 | max rel diff. = 7.32019
[2024-05-30 22:07:13.274] [jointLog] [info] iteration = 300 | max rel diff. = 1.96136
[2024-05-30 22:07:14.724] [jointLog] [info] iteration = 400 | max rel diff. = 2.15679
[2024-05-30 22:07:16.176] [jointLog] [info] iteration = 500 | max rel diff. = 0.345775
[2024-05-30 22:07:17.630] [jointLog] [info] iteration = 600 | max rel diff. = 3.89397
[2024-05-30 22:07:19.087] [jointLog] [info] iteration = 700 | max rel diff. = 0.142164
[2024-05-30 22:07:20.541] [jointLog] [info] iteration = 800 | max rel diff. = 0.0826266
[2024-05-30 22:07:21.993] [jointLog] [info] iteration = 900 | max rel diff. = 0.0331896
[2024-05-30 22:07:23.441] [jointLog] [info] iteration = 1000 | max rel diff. = 1.15273
[2024-05-30 22:07:24.894] [jointLog] [info] iteration = 1100 | max rel diff. = 6.17671
[2024-05-30 22:07:26.290] [jointLog] [info] iteration = 1200 | max rel diff. = 0.751488
[2024-05-30 22:07:27.664] [jointLog] [info] iteration = 1300 | max rel diff. = 0.0497017
[2024-05-30 22:07:29.032] [jointLog] [info] iteration = 1400 | max rel diff. = 0.624839
[2024-05-30 22:07:30.418] [jointLog] [info] iteration = 1500 | max rel diff. = 0.58957
[2024-05-30 22:07:31.787] [jointLog] [info] iteration = 1600 | max rel diff. = 0.530418
[2024-05-30 22:07:33.151] [jointLog] [info] iteration = 1700 | max rel diff. = 0.116059
[2024-05-30 22:07:34.523] [jointLog] [info] iteration = 1800 | max rel diff. = 0.211017
[2024-05-30 22:07:35.891] [jointLog] [info] iteration = 1900 | max rel diff. = 0.0142518
[2024-05-30 22:07:37.252] [jointLog] [info] iteration = 2000 | max rel diff. = 0.0289908
[2024-05-30 22:07:38.610] [jointLog] [info] iteration = 2100 | max rel diff. = 0.0309138
[2024-05-30 22:07:39.972] [jointLog] [info] iteration = 2200 | max rel diff. = 0.18151
[2024-05-30 22:07:41.338] [jointLog] [info] iteration = 2300 | max rel diff. = 0.49753
[2024-05-30 22:07:42.703] [jointLog] [info] iteration = 2400 | max rel diff. = 0.0539929
[2024-05-30 22:07:44.062] [jointLog] [info] iteration = 2500 | max rel diff. = 0.0400734
[2024-05-30 22:07:45.423] [jointLog] [info] iteration = 2600 | max rel diff. = 0.0702771
[2024-05-30 22:07:46.035] [jointLog] [info] iteration = 2646 | max rel diff. = 0.00840687
[2024-05-30 22:07:46.049] [jointLog] [info] finished optimizer
[2024-05-30 22:07:46.049] [jointLog] [info] writing output
[2024-05-30 22:07:47.620] [jointLog] [info] Computing gene-level abundance estimates
[2024-05-30 22:08:21.009] [jointLog] [info] There were 261909 transcripts mapping to 78485 genes
[2024-05-30 22:08:21.009] [jointLog] [info] NOTE: We recommend using tximport (https://bioconductor.org/packages/release/bioc/html/tximport.html) for aggregating transcript-level salmon abundance estimates to the gene level.  It is more versatile, exposes more features, and allows considering multi-sample information during aggregation.
[2024-05-30 22:08:21.311] [jointLog] [info] Aggregating expressions to gene level
[2024-05-30 22:08:21.463] [jointLog] [info] done
